GPU: NVIDIA GeForce RTX 5090   N=10000000  D=512  Q=64  K=10   free=30.2 GB
warmup=5  iters=15  selectivities=8

Allocating dataset (20.5 GB)...
Building cuVS brute_force index...
  free after dataset+index: 11.9 GB

=== sel=0.0100%  card=1000 ===
  roaring portable bytes: 3.16 KB   bitset host bytes: 1220.70 KB
  (schedule census deferred to first warmup B-call)
  containers: run=0 arr=153 bmp=0   schedule: D=0(0.0M) M=0(0.0M) G=1(0.0M)
  cuvs   : 1.467 ms  (p10=1.381 p90=1.557 std=0.097)  43620 QPS
  count  : 0.106 ms  (raft popc + D2H, included in cuvs above)
  cuvs-count: 1.361 ms  (cuvs minus count; fair-comparison)
  roaring: 0.894 ms  (p10=0.843 p90=1.064 std=0.091)  71587 QPS
  speedup raw=1.64x   fair=1.52x     recall@10: 1.0000

=== sel=0.1000%  card=10000 ===
  roaring portable bytes: 20.73 KB   bitset host bytes: 1220.70 KB
  (schedule census deferred to first warmup B-call)
  containers: run=0 arr=153 bmp=0   schedule: D=0(0.0M) M=0(0.0M) G=1(0.0M)
  cuvs   : 3.212 ms  (p10=3.085 p90=3.429 std=0.281)  19923 QPS
  count  : 0.100 ms  (raft popc + D2H, included in cuvs above)
  cuvs-count: 3.112 ms  (cuvs minus count; fair-comparison)
  roaring: 1.035 ms  (p10=0.973 p90=1.265 std=0.117)  61854 QPS
  speedup raw=3.10x   fair=3.01x     recall@10: 1.0000

=== sel=1.0000%  card=100000 ===
  roaring portable bytes: 196.52 KB   bitset host bytes: 1220.70 KB
  (schedule census deferred to first warmup B-call)
  containers: run=0 arr=153 bmp=0   schedule: D=0(0.0M) M=0(0.0M) G=1(0.1M)
  cuvs   : 12.510 ms  (p10=12.146 p90=12.905 std=0.323)  5116 QPS
  count  : 0.189 ms  (raft popc + D2H, included in cuvs above)
  cuvs-count: 12.321 ms  (cuvs minus count; fair-comparison)
  roaring: 1.977 ms  (p10=1.937 p90=2.092 std=0.074)  32375 QPS
  speedup raw=6.33x   fair=6.23x     recall@10: 1.0000

=== sel=3.0000%  card=300000 ===
  roaring portable bytes: 587.14 KB   bitset host bytes: 1220.70 KB
  (schedule census deferred to first warmup B-call)
  containers: run=0 arr=153 bmp=0   schedule: D=0(0.0M) M=0(0.0M) G=1(0.3M)
  cuvs   : 34.184 ms  (p10=33.672 p90=34.479 std=0.337)  1872 QPS
  count  : 0.120 ms  (raft popc + D2H, included in cuvs above)
  cuvs-count: 34.063 ms  (cuvs minus count; fair-comparison)
  roaring: 3.568 ms  (p10=3.503 p90=3.793 std=0.187)  17939 QPS
  speedup raw=9.58x   fair=9.55x     recall@10: 1.0000

=== sel=5.0000%  card=500000 ===
  roaring portable bytes: 977.77 KB   bitset host bytes: 1220.70 KB
  (schedule census deferred to first warmup B-call)
  containers: run=0 arr=153 bmp=0   schedule: D=0(0.0M) M=0(0.0M) G=1(0.5M)
  cuvs   : 55.608 ms  (p10=55.132 p90=56.500 std=0.634)  1151 QPS
  count  : 0.105 ms  (raft popc + D2H, included in cuvs above)
  cuvs-count: 55.503 ms  (cuvs minus count; fair-comparison)
  roaring: 4.901 ms  (p10=4.807 p90=5.260 std=0.224)  13059 QPS
  speedup raw=11.35x   fair=11.33x     recall@10: 1.0000

=== sel=10.0000%  card=1000000 ===
  roaring portable bytes: 1224.79 KB   bitset host bytes: 1220.70 KB
  (schedule census deferred to first warmup B-call)
  containers: run=0 arr=1 bmp=152   schedule: D=0(0.0M) M=0(0.0M) G=1(1.0M)
  cuvs   : 111.056 ms  (p10=109.943 p90=111.591 std=0.639)  576 QPS
  count  : 0.082 ms  (raft popc + D2H, included in cuvs above)
  cuvs-count: 110.974 ms  (cuvs minus count; fair-comparison)
  roaring: 8.877 ms  (p10=8.671 p90=9.460 std=0.338)  7209 QPS
  speedup raw=12.51x   fair=12.50x     recall@10: 1.0000

=== sel=15.0000%  card=1500000 ===
  roaring portable bytes: 1225.20 KB   bitset host bytes: 1220.70 KB
  (schedule census deferred to first warmup B-call)
  containers: run=0 arr=0 bmp=153   schedule: D=0(0.0M) M=0(0.0M) G=1(1.5M)
  cuvs   : 34.187 ms  (p10=33.800 p90=34.608 std=0.303)  1872 QPS
  count  : 0.144 ms  (raft popc + D2H, included in cuvs above)
  cuvs-count: 34.043 ms  (cuvs minus count; fair-comparison)
  roaring: 12.564 ms  (p10=12.421 p90=13.135 std=0.340)  5094 QPS
  speedup raw=2.72x   fair=2.71x     recall@10: 1.0000

=== sel=20.0000%  card=2000000 ===
  roaring portable bytes: 1225.20 KB   bitset host bytes: 1220.70 KB
  (schedule census deferred to first warmup B-call)
  containers: run=0 arr=0 bmp=153   schedule: D=0(0.0M) M=0(0.0M) G=1(2.0M)
  cuvs   : 34.452 ms  (p10=33.816 p90=35.127 std=0.635)  1858 QPS
  count  : 0.186 ms  (raft popc + D2H, included in cuvs above)
  cuvs-count: 34.265 ms  (cuvs minus count; fair-comparison)
  roaring: 15.707 ms  (p10=15.364 p90=16.137 std=0.357)  4075 QPS
  speedup raw=2.19x   fair=2.18x     recall@10: 1.0000

wrote bench_e2e_sweep.json
