GPU: NVIDIA GeForce RTX 5090   N=10000000  D=512  Q=64  K=10   dtype=fp16   free=30.2 GB
warmup=5  iters=15  selectivities=9

Allocating dataset (10.2 GB, fp16)...
Building cuVS brute_force index...
  free after dataset+index: 22.2 GB

=== sel=0.0100%  card=1000 ===
  roaring portable bytes: 3.16 KB   bitset host bytes: 1220.70 KB
  (schedule census deferred to first warmup B-call)
  containers: run=0 arr=153 bmp=0   schedule: D=0(0.0M) M=0(0.0M) G=1(0.0M)
  cuvs   : 1.066 ms  (p10=0.978 p90=1.206 std=0.157)  60051 QPS
  count  : 0.099 ms  (raft popc + D2H, included in cuvs above)
  cuvs-count: 0.966 ms  (cuvs minus count; fair-comparison)
  roaring: 0.873 ms  (p10=0.810 p90=0.977 std=0.070)  73327 QPS
  speedup raw=1.22x   fair=1.11x     recall@10: 1.0000

=== sel=0.1000%  card=10000 ===
  roaring portable bytes: 20.73 KB   bitset host bytes: 1220.70 KB
  (schedule census deferred to first warmup B-call)
  containers: run=0 arr=153 bmp=0   schedule: D=0(0.0M) M=0(0.0M) G=1(0.0M)
  cuvs   : 2.482 ms  (p10=2.375 p90=2.712 std=0.139)  25787 QPS
  count  : 0.106 ms  (raft popc + D2H, included in cuvs above)
  cuvs-count: 2.375 ms  (cuvs minus count; fair-comparison)
  roaring: 0.892 ms  (p10=0.846 p90=1.006 std=0.067)  71713 QPS
  speedup raw=2.78x   fair=2.66x     recall@10: 1.0000

=== sel=1.0000%  card=100000 ===
  roaring portable bytes: 196.52 KB   bitset host bytes: 1220.70 KB
  (schedule census deferred to first warmup B-call)
  containers: run=0 arr=153 bmp=0   schedule: D=0(0.0M) M=0(0.0M) G=1(0.1M)
  cuvs   : 12.438 ms  (p10=12.172 p90=13.912 std=0.786)  5146 QPS
  count  : 0.108 ms  (raft popc + D2H, included in cuvs above)
  cuvs-count: 12.330 ms  (cuvs minus count; fair-comparison)
  roaring: 1.852 ms  (p10=1.745 p90=2.079 std=0.141)  34560 QPS
  speedup raw=6.72x   fair=6.66x     recall@10: 1.0000

=== sel=3.0000%  card=300000 ===
  roaring portable bytes: 587.14 KB   bitset host bytes: 1220.70 KB
  (schedule census deferred to first warmup B-call)
  containers: run=0 arr=153 bmp=0   schedule: D=0(0.0M) M=0(0.0M) G=1(0.3M)
  cuvs   : 32.754 ms  (p10=32.413 p90=33.345 std=0.405)  1954 QPS
  count  : 0.109 ms  (raft popc + D2H, included in cuvs above)
  cuvs-count: 32.645 ms  (cuvs minus count; fair-comparison)
  roaring: 3.103 ms  (p10=2.969 p90=3.171 std=0.099)  20625 QPS
  speedup raw=10.56x   fair=10.52x     recall@10: 1.0000

=== sel=5.0000%  card=500000 ===
  roaring portable bytes: 977.77 KB   bitset host bytes: 1220.70 KB
  (schedule census deferred to first warmup B-call)
  containers: run=0 arr=153 bmp=0   schedule: D=0(0.0M) M=0(0.0M) G=1(0.5M)
  cuvs   : 53.719 ms  (p10=53.029 p90=54.309 std=0.545)  1191 QPS
  count  : 0.128 ms  (raft popc + D2H, included in cuvs above)
  cuvs-count: 53.591 ms  (cuvs minus count; fair-comparison)
  roaring: 4.069 ms  (p10=3.948 p90=4.218 std=0.109)  15728 QPS
  speedup raw=13.20x   fair=13.17x     recall@10: 1.0000

=== sel=10.0000%  card=1000000 ===
  roaring portable bytes: 1224.79 KB   bitset host bytes: 1220.70 KB
  (schedule census deferred to first warmup B-call)
  containers: run=0 arr=1 bmp=152   schedule: D=0(0.0M) M=0(0.0M) G=1(1.0M)
  cuvs   : 109.283 ms  (p10=108.375 p90=109.822 std=0.710)  586 QPS
  count  : 0.093 ms  (raft popc + D2H, included in cuvs above)
  cuvs-count: 109.189 ms  (cuvs minus count; fair-comparison)
  roaring: 6.381 ms  (p10=6.261 p90=6.545 std=0.136)  10030 QPS
  speedup raw=17.13x   fair=17.11x     recall@10: 1.0000

=== sel=15.0000%  card=1500000 ===
  roaring portable bytes: 1225.20 KB   bitset host bytes: 1220.70 KB
  (schedule census deferred to first warmup B-call)
  containers: run=0 arr=0 bmp=153   schedule: D=0(0.0M) M=0(0.0M) G=1(1.5M)
  cuvs   : 22.026 ms  (p10=21.812 p90=22.394 std=0.245)  2906 QPS
  count  : 0.152 ms  (raft popc + D2H, included in cuvs above)
  cuvs-count: 21.874 ms  (cuvs minus count; fair-comparison)
  roaring: 9.385 ms  (p10=9.188 p90=9.443 std=0.109)  6819 QPS
  speedup raw=2.35x   fair=2.33x     recall@10: 1.0000

=== sel=20.0000%  card=2000000 ===
  roaring portable bytes: 1225.20 KB   bitset host bytes: 1220.70 KB
  (schedule census deferred to first warmup B-call)
  containers: run=0 arr=0 bmp=153   schedule: D=0(0.0M) M=0(0.0M) G=1(2.0M)
  cuvs   : 21.811 ms  (p10=21.429 p90=22.057 std=0.319)  2934 QPS
  count  : 0.108 ms  (raft popc + D2H, included in cuvs above)
  cuvs-count: 21.703 ms  (cuvs minus count; fair-comparison)
  roaring: 11.522 ms  (p10=11.445 p90=11.672 std=0.112)  5555 QPS
  speedup raw=1.89x   fair=1.88x     recall@10: 1.0000

=== sel=30.0000%  card=3000000 ===
  roaring portable bytes: 1225.20 KB   bitset host bytes: 1220.70 KB
  (schedule census deferred to first warmup B-call)
  containers: run=0 arr=0 bmp=153   schedule: D=0(0.0M) M=0(0.0M) G=1(3.0M)
  cuvs   : 21.781 ms  (p10=21.486 p90=22.682 std=0.493)  2938 QPS
  count  : 0.111 ms  (raft popc + D2H, included in cuvs above)
  cuvs-count: 21.670 ms  (cuvs minus count; fair-comparison)
  roaring: 16.731 ms  (p10=16.630 p90=16.930 std=0.128)  3825 QPS
  speedup raw=1.30x   fair=1.30x     recall@10: 1.0000

wrote bench_e2e_sweep_fp16_d512_lowmid.json
