GPU: NVIDIA GeForce RTX 5090   N=10000000  D=512  Q=64  K=10   free=30.2 GB
warmup=5  iters=15  selectivities=9

Allocating dataset (20.5 GB)...
Building cuVS brute_force index...
  free after dataset+index: 11.9 GB

=== sel=0.0100%  card=1000 ===
  roaring portable bytes: 3.16 KB   bitset host bytes: 1220.70 KB
  containers: run=0 arr=153 bmp=0   schedule: D=0(0.0M) M=0(0.0M) G=1(0.0M)
  cuvs   : 1.376 ms  (p10=1.313 p90=1.774 std=0.202)  46519 QPS
  roaring: 0.877 ms  (p10=0.851 p90=0.924 std=0.040)  72963 QPS
  speedup: 1.57x     recall@10: 1.0000

=== sel=0.1000%  card=10000 ===
  roaring portable bytes: 20.73 KB   bitset host bytes: 1220.70 KB
  containers: run=0 arr=153 bmp=0   schedule: D=0(0.0M) M=0(0.0M) G=1(0.0M)
  cuvs   : 3.435 ms  (p10=2.986 p90=4.083 std=0.440)  18632 QPS
  roaring: 1.071 ms  (p10=0.987 p90=1.161 std=0.072)  59744 QPS
  speedup: 3.21x     recall@10: 1.0000

=== sel=1.0000%  card=100000 ===
  roaring portable bytes: 196.52 KB   bitset host bytes: 1220.70 KB
  containers: run=0 arr=153 bmp=0   schedule: D=0(0.0M) M=0(0.0M) G=1(0.1M)
  cuvs   : 13.149 ms  (p10=12.830 p90=13.382 std=0.264)  4867 QPS
  roaring: 2.086 ms  (p10=2.028 p90=2.252 std=0.128)  30684 QPS
  speedup: 6.30x     recall@10: 1.0000

=== sel=5.0000%  card=500000 ===
  roaring portable bytes: 977.77 KB   bitset host bytes: 1220.70 KB
  containers: run=0 arr=153 bmp=0   schedule: D=0(0.0M) M=0(0.0M) G=1(0.5M)
  cuvs   : 55.723 ms  (p10=55.338 p90=56.140 std=0.628)  1149 QPS
  roaring: 4.854 ms  (p10=4.811 p90=5.024 std=0.099)  13184 QPS
  speedup: 11.48x     recall@10: 1.0000

=== sel=10.0000%  card=1000000 ===
  roaring portable bytes: 1224.79 KB   bitset host bytes: 1220.70 KB
  containers: run=0 arr=1 bmp=152   schedule: D=0(0.0M) M=0(0.0M) G=1(1.0M)
  cuvs   : 111.805 ms  (p10=110.947 p90=113.165 std=0.854)  572 QPS
  roaring: 8.787 ms  (p10=8.703 p90=9.032 std=0.330)  7284 QPS
  speedup: 12.72x     recall@10: 1.0000

=== sel=20.0000%  card=2000000 ===
  roaring portable bytes: 1225.20 KB   bitset host bytes: 1220.70 KB
  containers: run=0 arr=0 bmp=153   schedule: D=0(0.0M) M=0(0.0M) G=1(2.0M)
  cuvs   : 34.745 ms  (p10=34.213 p90=35.590 std=0.599)  1842 QPS
  roaring: 15.470 ms  (p10=15.394 p90=16.310 std=0.395)  4137 QPS
  speedup: 2.25x     recall@10: 1.0000

=== sel=30.0000%  card=3000000 ===
  roaring portable bytes: 1225.20 KB   bitset host bytes: 1220.70 KB
  containers: run=0 arr=0 bmp=153   schedule: D=0(0.0M) M=0(0.0M) G=1(3.0M)
  SKIP: gather (6.14 GB) + headroom doesn't fit (free 2.19 GB)

=== sel=50.0000%  card=5000000 ===
  roaring portable bytes: 1225.20 KB   bitset host bytes: 1220.70 KB
  containers: run=0 arr=0 bmp=153   schedule: D=0(0.0M) M=76(5.0M) G=1(2.5M)
  SKIP: gather (5.12 GB) + headroom doesn't fit (free 2.16 GB)

=== sel=90.0000%  card=9000000 ===
  roaring portable bytes: 1225.20 KB   bitset host bytes: 1220.70 KB
  containers: run=0 arr=1 bmp=152   schedule: D=0(0.0M) M=153(10.0M) G=0(0.0M)
  cuvs   : 33.357 ms  (p10=32.964 p90=33.913 std=0.456)  1919 QPS
  roaring: 96.111 ms  (p10=95.182 p90=97.493 std=1.036)  666 QPS
  speedup: 0.35x     recall@10: 1.0000

wrote bench_e2e_sweep.json
